// Vitest Snapshot v1, https://vitest.dev/guide/snapshot.html

exports[`the signed plan card reads exactly as approved > a running specialist row opens onto the ordinary specialist sections 1`] = `
"block: running
step plan-step-s1: running
step plan-step-s2: pending
step plan-step-s3: pending
buttons: ⠋Plan: Review the auth module before the releasestep 1 of 3 | ⠋1.Review the six files that changed in the auth module3 reviewers · at the same time1 of 3 reviewers done · 11,200 tokens | Wren the ReviewerFinished in 2m 15s · 6 steps | Briefing | Activity (5) | Report | ⠋Idris the ReviewerWorking in the background · 3m 15s | ⠋Mara the ReviewerWorking in the background · 3m 15s | 2.Check each review against the file it describes3 reviewers · checks each resultup to 9,000 tokens | 3.Combine the findings into one ranked list1 worker · combines the resultsup to 4,000 tokens | Stop the plan
text: ⠋Plan: Review the auth module before the releasestep 1 of 3⠋1.Review the six files that changed in the auth module3 reviewers · at the same time1 of 3 reviewers done · 11,200 tokensproduces 3 reportsWren the ReviewerFinished in 2m 15s · 6 stepsBriefingActivity (5)Reportauth/session.ts — the session token is still accepted after logout: revoke() clears the cookie but never the server-side record, so a copied token keeps working. Worth fixing before the release. auth/reset.ts — minor: the file's own error strings repeat the same sentence three times.⠋Idris the ReviewerWorking in the background · 3m 15s⠋Mara the ReviewerWorking in the background · 3m 15s2.Check each review against the file it describes3 reviewers · checks each resultup to 9,000 tokens3.Combine the findings into one ranked list1 worker · combines the resultsup to 4,000 tokensSpent $0.03 (11,200 tokens) of the $0.12 limit (40,000 tokens)Stop the plan"
`;

exports[`the signed plan card reads exactly as approved > plan-auto-approved 1`] = `
"block: running
step plan-step-s1: running
step plan-step-s2: pending
step plan-step-s3: pending
buttons: ⠋Plan: Review the auth module before the releasestep 1 of 3 | ⠋1.Review the six files that changed in the auth module3 reviewers · at the same time1 of 3 reviewers done · 11,200 tokens | Wren the ReviewerFinished in 2m 15s · 6 steps | ⠋Idris the ReviewerWorking in the background · 3m 15s | ⠋Mara the ReviewerWorking in the background · 3m 15s | 2.Check each review against the file it describes3 reviewers · checks each resultup to 9,000 tokens | 3.Combine the findings into one ranked list1 worker · combines the resultsup to 4,000 tokens | Stop the plan
text: ⠋Plan: Review the auth module before the releasestep 1 of 3⠋1.Review the six files that changed in the auth module3 reviewers · at the same time1 of 3 reviewers done · 11,200 tokensproduces 3 reportsWren the ReviewerFinished in 2m 15s · 6 steps⠋Idris the ReviewerWorking in the background · 3m 15s⠋Mara the ReviewerWorking in the background · 3m 15s2.Check each review against the file it describes3 reviewers · checks each resultup to 9,000 tokens3.Combine the findings into one ranked list1 worker · combines the resultsup to 4,000 tokensSpent $0.03 (11,200 tokens) of the $0.05 limit (18,000 tokens)Stop the planRan without asking — under the limit you set in Settings."
`;

exports[`the signed plan card reads exactly as approved > plan-completed 1`] = `
"block: completed
step plan-step-s1: done
step plan-step-s2: done
step plan-step-s3: done
buttons: Plan: Review the auth module before the releasefinished in 6m 52s | 1.Review the six files that changed in the auth module3 reviewers · at the same time24,600 tokens | 2.Check each review against the file it describes3 reviewers · checks each result6,100 tokens | 3.Combine the findings into one ranked list1 worker · combines the results2,900 tokens
text: Plan: Review the auth module before the releasefinished in 6m 52s1.Review the six files that changed in the auth module3 reviewers · at the same time24,600 tokens2.Check each review against the file it describes3 reviewers · checks each result6,100 tokens3.Combine the findings into one ranked list1 worker · combines the results2,900 tokensSpent $0.10 (33,600 tokens) of the $0.12 limit (40,000 tokens)"
`;

exports[`the signed plan card reads exactly as approved > plan-failed 1`] = `
"block: failed
step plan-step-s1: pending
step plan-step-s2: pending
step plan-step-s3: pending
buttons: Plan: Review the auth module before the releasefailed | 1.Review the six files that changed in the auth module3 reviewers · at the same timeup to 27,000 tokens | 2.Check each review against the file it describes3 reviewers · checks each resultup to 9,000 tokens | 3.Combine the findings into one ranked list1 worker · combines the resultsup to 4,000 tokens | Report bug | Diagnose with the assistant
text: Plan: Review the auth module before the releasefailed1.Review the six files that changed in the auth module3 reviewers · at the same timeup to 27,000 tokens2.Check each review against the file it describes3 reviewers · checks each resultup to 9,000 tokens3.Combine the findings into one ranked list1 worker · combines the resultsup to 4,000 tokensSpent 0 tokens of the $0.12 limit (40,000 tokens)The plan couldn't be created.Report bugDiagnose with the assistant"
`;

exports[`the signed plan card reads exactly as approved > plan-interrupted 1`] = `
"block: interrupted
step plan-step-s1: done
step plan-step-s2: done
step plan-step-s3: pending
buttons: Plan: Review the auth module before the releaseinterrupted — 2 of 3 steps done | 1.Review the six files that changed in the auth module3 reviewers · at the same time24,600 tokens | 2.Check each review against the file it describes3 reviewers · checks each result6,100 tokens | 3.Combine the findings into one ranked list1 worker · combines the resultsup to 4,000 tokens | Stop | Continue
text: Plan: Review the auth module before the releaseinterrupted — 2 of 3 steps done1.Review the six files that changed in the auth module3 reviewers · at the same time24,600 tokens2.Check each review against the file it describes3 reviewers · checks each result6,100 tokens3.Combine the findings into one ranked list1 worker · combines the resultsup to 4,000 tokensSpent $0.09 (30,700 tokens) of the $0.12 limit (40,000 tokens)The app closed mid-plan. Steps 1–2 are saved; Continue runs the rest.StopContinue"
`;

exports[`the signed plan card reads exactly as approved > plan-paused 1`] = `
"block: paused
step plan-step-s1: paused
step plan-step-s2: pending
step plan-step-s3: pending
buttons: Plan: Review the auth module before the releasepaused — reached its limit | 1.Review the six files that changed in the auth module3 reviewers · at the same time2 of 3 reviewers done · 27,000 tokens | Wren the ReviewerFinished in 2m 15s · 6 steps | Idris the ReviewerFinished in 3m 5s · 7 steps | Mara the ReviewerStopped after 3m 45s · 9 steps — the assistant can pick this back up | 2.Check each review against the file it describes3 reviewers · checks each resultup to 9,000 tokens | 3.Combine the findings into one ranked list1 worker · combines the resultsup to 4,000 tokens | Ask the assistant | Stop | Add budget
text: Plan: Review the auth module before the releasepaused — reached its limit1.Review the six files that changed in the auth module3 reviewers · at the same time2 of 3 reviewers done · 27,000 tokensproduces 3 reportsWren the ReviewerFinished in 2m 15s · 6 stepsIdris the ReviewerFinished in 3m 5s · 7 stepsMara the ReviewerStopped after 3m 45s · 9 steps — the assistant can pick this back up2.Check each review against the file it describes3 reviewers · checks each resultup to 9,000 tokens3.Combine the findings into one ranked list1 worker · combines the resultsup to 4,000 tokensSpent $0.08 (27,000 tokens) of the $0.12 limit (40,000 tokens)Paused — step 1 hit its 27,000-token limit with 2 of 3 reviewers done.Ask the assistantStopAdd budget"
`;

exports[`the signed plan card reads exactly as approved > plan-proposed 1`] = `
"block: proposed
step plan-step-s1: pending
step plan-step-s2: pending
step plan-step-s3: pending
buttons: Plan: Review the auth module before the releasewaiting for your approval | 1.Review the six files that changed in the auth module3 reviewers · at the same time | 2.Check each review against the file it describes3 reviewers · checks each result | 3.Combine the findings into one ranked list1 worker · combines the results | Comment | Approve
text: Plan: Review the auth module before the releasewaiting for your approval1.Review the six files that changed in the auth module3 reviewers · at the same time2.Check each review against the file it describes3 reviewers · checks each result3.Combine the findings into one ranked list1 worker · combines the results7 specialists · Up to about $0.12 (40,000 tokens) · specialists run on Claude Sonnet 4.6CommentApprove"
`;

exports[`the signed plan card reads exactly as approved > plan-proposed-local 1`] = `
"block: proposed
step plan-step-s1: pending
step plan-step-s2: pending
step plan-step-s3: pending
buttons: Plan: Review the auth module before the releasewaiting for your approval | 1.Review the six files that changed in the auth module3 reviewers · at the same time | 2.Check each review against the file it describes3 reviewers · checks each result | 3.Combine the findings into one ranked list1 worker · combines the results | Comment | Approve
text: Plan: Review the auth module before the releasewaiting for your approval1.Review the six files that changed in the auth module3 reviewers · at the same time2.Check each review against the file it describes3 reviewers · checks each result3.Combine the findings into one ranked list1 worker · combines the results7 specialists · Up to 40,000 tokens · specialists run on Qwen3.5-9B (your computer), which has no published priceCommentApprove"
`;

exports[`the signed plan card reads exactly as approved > plan-revised 1`] = `
"block: stopped
step plan-step-s1: pending
step plan-step-s2: pending
step plan-step-s3: pending
buttons: Plan: Review the auth module before the releaserevised — see the new plan below | 1.Review the six files that changed in the auth module3 reviewers · at the same timeup to 27,000 tokens | 2.Check each review against the file it describes3 reviewers · checks each resultup to 9,000 tokens | 3.Combine the findings into one ranked list1 worker · combines the resultsup to 4,000 tokens
text: Plan: Review the auth module before the releaserevised — see the new plan below1.Review the six files that changed in the auth module3 reviewers · at the same timeup to 27,000 tokens2.Check each review against the file it describes3 reviewers · checks each resultup to 9,000 tokens3.Combine the findings into one ranked list1 worker · combines the resultsup to 4,000 tokens7 specialists · Up to about $0.12 (40,000 tokens) · specialists run on Claude Sonnet 4.6Revised after your comment — the new plan is below."
`;

exports[`the signed plan card reads exactly as approved > plan-running 1`] = `
"block: running
step plan-step-s1: running
step plan-step-s2: pending
step plan-step-s3: pending
buttons: ⠋Plan: Review the auth module before the releasestep 1 of 3 | ⠋1.Review the six files that changed in the auth module3 reviewers · at the same time1 of 3 reviewers done · 11,200 tokens | Wren the ReviewerFinished in 2m 15s · 6 steps | ⠋Idris the ReviewerWorking in the background · 3m 15s | ⠋Mara the ReviewerWorking in the background · 3m 15s | 2.Check each review against the file it describes3 reviewers · checks each resultup to 9,000 tokens | 3.Combine the findings into one ranked list1 worker · combines the resultsup to 4,000 tokens | Stop the plan
text: ⠋Plan: Review the auth module before the releasestep 1 of 3⠋1.Review the six files that changed in the auth module3 reviewers · at the same time1 of 3 reviewers done · 11,200 tokensproduces 3 reportsWren the ReviewerFinished in 2m 15s · 6 steps⠋Idris the ReviewerWorking in the background · 3m 15s⠋Mara the ReviewerWorking in the background · 3m 15s2.Check each review against the file it describes3 reviewers · checks each resultup to 9,000 tokens3.Combine the findings into one ranked list1 worker · combines the resultsup to 4,000 tokensSpent $0.03 (11,200 tokens) of the $0.12 limit (40,000 tokens)Stop the plan"
`;

exports[`the signed plan card reads exactly as approved > plan-stopped 1`] = `
"block: stopped
step plan-step-s1: skipped
step plan-step-s2: pending
step plan-step-s3: pending
buttons: Plan: Review the auth module before the releasestopped — 0 of 3 steps donestopped | 1.Review the six files that changed in the auth module3 reviewers · at the same time | 2.Check each review against the file it describes3 reviewers · checks each resultup to 9,000 tokens | 3.Combine the findings into one ranked list1 worker · combines the resultsup to 4,000 tokens
text: Plan: Review the auth module before the releasestopped — 0 of 3 steps donestopped1.Review the six files that changed in the auth module3 reviewers · at the same time2.Check each review against the file it describes3 reviewers · checks each resultup to 9,000 tokens3.Combine the findings into one ranked list1 worker · combines the resultsup to 4,000 tokensSpent $0.03 (11,200 tokens) of the $0.12 limit (40,000 tokens)"
`;

exports[`the signed plan card reads exactly as approved > plan-writing 1`] = `
"block: none
buttons: ⠋Plan: Review the auth module before the releasewriting the plan · 1m 30s · can take a few minutes on your computer
text: ⠋Plan: Review the auth module before the releasewriting the plan · 1m 30s · can take a few minutes on your computer"
`;

exports[`the signed plan card reads exactly as approved > the paused card opens its Add budget control in the same pill 1`] = `
"block: paused
step plan-step-s1: paused
step plan-step-s2: pending
step plan-step-s3: pending
buttons: Plan: Review the auth module before the releasepaused — reached its limit | 1.Review the six files that changed in the auth module3 reviewers · at the same time2 of 3 reviewers done · 27,000 tokens | Wren the ReviewerFinished in 2m 15s · 6 steps | Idris the ReviewerFinished in 3m 5s · 7 steps | Mara the ReviewerStopped after 3m 45s · 9 steps — the assistant can pick this back up | 2.Check each review against the file it describes3 reviewers · checks each resultup to 9,000 tokens | 3.Combine the findings into one ranked list1 worker · combines the resultsup to 4,000 tokens | Cancel | Continue
text: Plan: Review the auth module before the releasepaused — reached its limit1.Review the six files that changed in the auth module3 reviewers · at the same time2 of 3 reviewers done · 27,000 tokensproduces 3 reportsWren the ReviewerFinished in 2m 15s · 6 stepsIdris the ReviewerFinished in 3m 5s · 7 stepsMara the ReviewerStopped after 3m 45s · 9 steps — the assistant can pick this back up2.Check each review against the file it describes3 reviewers · checks each resultup to 9,000 tokens3.Combine the findings into one ranked list1 worker · combines the resultsup to 4,000 tokensSpent $0.08 (27,000 tokens) of the $0.12 limit (40,000 tokens)Paused — step 1 hit its 27,000-token limit with 2 of 3 reviewers done.Allowtokens ($0.03)CancelContinue"
`;

exports[`the signed plan card reads exactly as approved > the proposed card opens its comment box 1`] = `
"block: proposed
step plan-step-s1: pending
step plan-step-s2: pending
step plan-step-s3: pending
buttons: Plan: Review the auth module before the releasewaiting for your approval | 1.Review the six files that changed in the auth module3 reviewers · at the same time | 2.Check each review against the file it describes3 reviewers · checks each result | 3.Combine the findings into one ranked list1 worker · combines the results | Cancel | Send [disabled]
text: Plan: Review the auth module before the releasewaiting for your approval1.Review the six files that changed in the auth module3 reviewers · at the same time2.Check each review against the file it describes3 reviewers · checks each result3.Combine the findings into one ranked list1 worker · combines the results7 specialists · Up to about $0.12 (40,000 tokens) · specialists run on Claude Sonnet 4.6CancelSend"
`;
